2026-03-22 16:36:22 - KeywordBaseline - INFO - KeywordBaseline初始化完成，加载了5个检测模式
2026-03-22 16:38:04 - KeywordBaseline - INFO - KeywordBaseline初始化完成，加载了5个检测模式
2026-03-22 16:38:04 - KeywordBaseline - INFO - 关键词检测完成，找到 2 个Smell
2026-03-22 16:38:04 - KeywordBaseline - INFO - 关键词检测完成，找到 1 个Smell
2026-03-22 16:38:04 - KeywordBaseline - INFO - 关键词检测完成，找到 1 个Smell
2026-03-22 16:38:04 - KeywordBaseline - INFO - 关键词检测完成，找到 2 个Smell
2026-03-22 16:38:04 - KeywordBaseline - INFO - 关键词检测完成，找到 1 个Smell
2026-03-22 16:38:04 - KeywordBaseline - INFO - 关键词检测完成，找到 5 个Smell
2026-03-22 16:38:04 - KeywordBaseline - INFO - 关键词检测完成，找到 2 个Smell
2026-03-22 16:38:04 - KeywordBaseline - INFO - 关键词检测完成，找到 2 个Smell
2026-03-22 16:38:04 - KeywordBaseline - INFO - 关键词检测完成，找到 2 个Smell
2026-03-22 16:38:04 - KeywordBaseline - INFO - 关键词检测完成，找到 2 个Smell
2026-03-22 16:38:04 - KeywordBaseline - INFO - 关键词检测完成，找到 2 个Smell
2026-03-22 16:38:04 - KeywordBaseline - INFO - 关键词检测完成，找到 2 个Smell
2026-03-22 16:38:06 - KeywordBaseline - INFO - 关键词检测完成，找到 1 个Smell
2026-03-22 16:38:06 - KeywordBaseline - INFO - 关键词检测完成，找到 1 个Smell
2026-03-22 16:38:06 - KeywordBaseline - INFO - 关键词检测完成，找到 2 个Smell
2026-03-22 16:38:06 - KeywordBaseline - INFO - 关键词检测完成，找到 1 个Smell
2026-03-22 16:38:06 - KeywordBaseline - INFO - 关键词检测完成，找到 2 个Smell
2026-03-22 16:38:06 - KeywordBaseline - INFO - 关键词检测完成，找到 2 个Smell
2026-03-22 16:38:06 - KeywordBaseline - INFO - 关键词检测完成，找到 2 个Smell
2026-03-22 16:38:06 - KeywordBaseline - INFO - 关键词检测完成，找到 2 个Smell
2026-03-22 16:38:06 - HeuristicBaseline - INFO - HeuristicBaseline初始化完成，加载了7个规则
2026-03-22 16:38:06 - HeuristicBaseline - INFO - 启发式检测完成，找到 2 个Smell
2026-03-22 16:38:06 - HeuristicBaseline - INFO - 启发式检测完成，找到 2 个Smell
2026-03-22 16:38:06 - HeuristicBaseline - INFO - 启发式检测完成，找到 1 个Smell
2026-03-22 16:38:06 - HeuristicBaseline - INFO - 启发式检测完成，找到 1 个Smell
2026-03-22 16:38:06 - HeuristicBaseline - INFO - 启发式检测完成，找到 1 个Smell
2026-03-22 16:38:06 - HeuristicBaseline - INFO - 启发式检测完成，找到 1 个Smell
2026-03-22 16:38:06 - HeuristicBaseline - INFO - 启发式检测完成，找到 1 个Smell
2026-03-22 16:38:06 - HeuristicBaseline - INFO - 启发式检测完成，找到 1 个Smell
2026-03-22 16:38:06 - HeuristicBaseline - INFO - 启发式检测完成，找到 1 个Smell
2026-03-22 16:38:06 - HeuristicBaseline - INFO - 启发式检测完成，找到 1 个Smell
2026-03-22 16:38:06 - HeuristicBaseline - INFO - 启发式检测完成，找到 4 个Smell
2026-03-22 16:38:06 - HeuristicBaseline - INFO - 启发式检测完成，找到 1 个Smell
2026-03-22 16:38:06 - HeuristicBaseline - INFO - 启发式检测完成，找到 2 个Smell
2026-03-22 16:38:06 - HeuristicBaseline - INFO - 启发式检测完成，找到 1 个Smell
2026-03-22 16:38:06 - HeuristicBaseline - INFO - 启发式检测完成，找到 1 个Smell
2026-03-22 16:38:06 - HeuristicBaseline - INFO - 启发式检测完成，找到 1 个Smell
2026-03-22 16:38:06 - HeuristicBaseline - INFO - 启发式检测完成，找到 1 个Smell
2026-03-22 16:38:06 - HeuristicBaseline - INFO - 启发式检测完成，找到 2 个Smell
2026-03-22 16:38:06 - HeuristicBaseline - INFO - 启发式检测完成，找到 2 个Smell
2026-03-22 16:38:06 - HeuristicBaseline - INFO - 启发式检测完成，找到 2 个Smell
2026-03-22 16:38:06 - SonarQubeBaseline - INFO - SonarQubeBaseline初始化完成，加载了5个规则
2026-03-22 16:38:06 - SonarQubeBaseline - INFO - SonarQube检测完成（模拟），找到 3 个Smell
2026-03-22 16:38:06 - SonarQubeBaseline - INFO - SonarQube检测完成（模拟），找到 2 个Smell
2026-03-22 16:38:06 - SonarQubeBaseline - INFO - SonarQube检测完成（模拟），找到 2 个Smell
2026-03-22 16:38:06 - SonarQubeBaseline - INFO - SonarQube检测完成（模拟），找到 2 个Smell
2026-03-22 16:38:06 - SonarQubeBaseline - INFO - SonarQube检测完成（模拟），找到 2 个Smell
2026-03-22 16:38:06 - SonarQubeBaseline - INFO - SonarQube检测完成（模拟），找到 2 个Smell
2026-03-22 16:38:06 - SonarQubeBaseline - INFO - SonarQube检测完成（模拟），找到 2 个Smell
2026-03-22 16:38:06 - SonarQubeBaseline - INFO - SonarQube检测完成（模拟），找到 3 个Smell
2026-03-22 16:38:06 - SonarQubeBaseline - INFO - SonarQube检测完成（模拟），找到 3 个Smell
2026-03-22 16:38:06 - SonarQubeBaseline - INFO - SonarQube检测完成（模拟），找到 2 个Smell
2026-03-22 16:38:06 - SonarQubeBaseline - INFO - SonarQube检测完成（模拟），找到 2 个Smell
2026-03-22 16:38:06 - SonarQubeBaseline - INFO - SonarQube检测完成（模拟），找到 3 个Smell
2026-03-22 16:38:06 - SonarQubeBaseline - INFO - SonarQube检测完成（模拟），找到 4 个Smell
2026-03-22 16:38:06 - SonarQubeBaseline - INFO - SonarQube检测完成（模拟），找到 4 个Smell
2026-03-22 16:38:06 - SonarQubeBaseline - INFO - SonarQube检测完成（模拟），找到 4 个Smell
2026-03-22 16:38:06 - SonarQubeBaseline - INFO - SonarQube检测完成（模拟），找到 4 个Smell
2026-03-22 16:38:06 - SonarQubeBaseline - INFO - SonarQube检测完成（模拟），找到 3 个Smell
2026-03-22 16:38:06 - SonarQubeBaseline - INFO - SonarQube检测完成（模拟），找到 4 个Smell
2026-03-22 16:38:06 - SonarQubeBaseline - INFO - SonarQube检测完成（模拟），找到 4 个Smell
2026-03-22 16:38:06 - SonarQubeBaseline - INFO - SonarQube检测完成（模拟），找到 3 个Smell
2026-03-22 16:38:06 - PMDBaseline - INFO - PMDBaseline初始化完成，加载了9个规则
2026-03-22 16:39:56 - KeywordBaseline - INFO - KeywordBaseline初始化完成，加载了5个检测模式
2026-03-22 16:39:56 - KeywordBaseline - INFO - 关键词检测完成，找到 2 个Smell
2026-03-22 16:39:56 - KeywordBaseline - INFO - 关键词检测完成，找到 1 个Smell
2026-03-22 16:39:56 - KeywordBaseline - INFO - 关键词检测完成，找到 1 个Smell
2026-03-22 16:39:56 - KeywordBaseline - INFO - 关键词检测完成，找到 2 个Smell
2026-03-22 16:39:56 - KeywordBaseline - INFO - 关键词检测完成，找到 1 个Smell
2026-03-22 16:39:56 - KeywordBaseline - INFO - 关键词检测完成，找到 5 个Smell
2026-03-22 16:39:56 - KeywordBaseline - INFO - 关键词检测完成，找到 2 个Smell
2026-03-22 16:39:56 - KeywordBaseline - INFO - 关键词检测完成，找到 2 个Smell
2026-03-22 16:39:56 - KeywordBaseline - INFO - 关键词检测完成，找到 2 个Smell
2026-03-22 16:39:56 - KeywordBaseline - INFO - 关键词检测完成，找到 2 个Smell
2026-03-22 16:39:56 - KeywordBaseline - INFO - 关键词检测完成，找到 2 个Smell
2026-03-22 16:39:56 - KeywordBaseline - INFO - 关键词检测完成，找到 2 个Smell
2026-03-22 16:39:58 - KeywordBaseline - INFO - 关键词检测完成，找到 1 个Smell
2026-03-22 16:39:58 - KeywordBaseline - INFO - 关键词检测完成，找到 1 个Smell
2026-03-22 16:39:58 - KeywordBaseline - INFO - 关键词检测完成，找到 2 个Smell
2026-03-22 16:39:58 - KeywordBaseline - INFO - 关键词检测完成，找到 1 个Smell
2026-03-22 16:39:58 - KeywordBaseline - INFO - 关键词检测完成，找到 2 个Smell
2026-03-22 16:39:58 - KeywordBaseline - INFO - 关键词检测完成，找到 2 个Smell
2026-03-22 16:39:58 - KeywordBaseline - INFO - 关键词检测完成，找到 2 个Smell
2026-03-22 16:39:58 - KeywordBaseline - INFO - 关键词检测完成，找到 2 个Smell
2026-03-22 16:39:58 - HeuristicBaseline - INFO - HeuristicBaseline初始化完成，加载了7个规则
2026-03-22 16:39:58 - HeuristicBaseline - INFO - 启发式检测完成，找到 2 个Smell
2026-03-22 16:39:58 - HeuristicBaseline - INFO - 启发式检测完成，找到 2 个Smell
2026-03-22 16:39:58 - HeuristicBaseline - INFO - 启发式检测完成，找到 1 个Smell
2026-03-22 16:39:58 - HeuristicBaseline - INFO - 启发式检测完成，找到 1 个Smell
2026-03-22 16:39:58 - HeuristicBaseline - INFO - 启发式检测完成，找到 1 个Smell
2026-03-22 16:39:58 - HeuristicBaseline - INFO - 启发式检测完成，找到 1 个Smell
2026-03-22 16:39:58 - HeuristicBaseline - INFO - 启发式检测完成，找到 1 个Smell
2026-03-22 16:39:58 - HeuristicBaseline - INFO - 启发式检测完成，找到 1 个Smell
2026-03-22 16:39:58 - HeuristicBaseline - INFO - 启发式检测完成，找到 1 个Smell
2026-03-22 16:39:58 - HeuristicBaseline - INFO - 启发式检测完成，找到 1 个Smell
2026-03-22 16:39:58 - HeuristicBaseline - INFO - 启发式检测完成，找到 4 个Smell
2026-03-22 16:39:58 - HeuristicBaseline - INFO - 启发式检测完成，找到 1 个Smell
2026-03-22 16:39:58 - HeuristicBaseline - INFO - 启发式检测完成，找到 2 个Smell
2026-03-22 16:39:58 - HeuristicBaseline - INFO - 启发式检测完成，找到 1 个Smell
2026-03-22 16:39:58 - HeuristicBaseline - INFO - 启发式检测完成，找到 1 个Smell
2026-03-22 16:39:58 - HeuristicBaseline - INFO - 启发式检测完成，找到 1 个Smell
2026-03-22 16:39:58 - HeuristicBaseline - INFO - 启发式检测完成，找到 1 个Smell
2026-03-22 16:39:58 - HeuristicBaseline - INFO - 启发式检测完成，找到 2 个Smell
2026-03-22 16:39:58 - HeuristicBaseline - INFO - 启发式检测完成，找到 2 个Smell
2026-03-22 16:39:58 - HeuristicBaseline - INFO - 启发式检测完成，找到 2 个Smell
2026-03-22 16:39:58 - SonarQubeBaseline - INFO - SonarQubeBaseline初始化完成，加载了5个规则
2026-03-22 16:39:58 - SonarQubeBaseline - INFO - SonarQube检测完成（模拟），找到 3 个Smell
2026-03-22 16:39:58 - SonarQubeBaseline - INFO - SonarQube检测完成（模拟），找到 2 个Smell
2026-03-22 16:39:58 - SonarQubeBaseline - INFO - SonarQube检测完成（模拟），找到 2 个Smell
2026-03-22 16:39:58 - SonarQubeBaseline - INFO - SonarQube检测完成（模拟），找到 2 个Smell
2026-03-22 16:39:58 - SonarQubeBaseline - INFO - SonarQube检测完成（模拟），找到 2 个Smell
2026-03-22 16:39:58 - SonarQubeBaseline - INFO - SonarQube检测完成（模拟），找到 2 个Smell
2026-03-22 16:39:58 - SonarQubeBaseline - INFO - SonarQube检测完成（模拟），找到 2 个Smell
2026-03-22 16:39:58 - SonarQubeBaseline - INFO - SonarQube检测完成（模拟），找到 3 个Smell
2026-03-22 16:39:58 - SonarQubeBaseline - INFO - SonarQube检测完成（模拟），找到 3 个Smell
2026-03-22 16:39:58 - SonarQubeBaseline - INFO - SonarQube检测完成（模拟），找到 2 个Smell
2026-03-22 16:39:58 - SonarQubeBaseline - INFO - SonarQube检测完成（模拟），找到 2 个Smell
2026-03-22 16:39:58 - SonarQubeBaseline - INFO - SonarQube检测完成（模拟），找到 3 个Smell
2026-03-22 16:39:58 - SonarQubeBaseline - INFO - SonarQube检测完成（模拟），找到 4 个Smell
2026-03-22 16:39:58 - SonarQubeBaseline - INFO - SonarQube检测完成（模拟），找到 4 个Smell
2026-03-22 16:39:58 - SonarQubeBaseline - INFO - SonarQube检测完成（模拟），找到 4 个Smell
2026-03-22 16:39:58 - SonarQubeBaseline - INFO - SonarQube检测完成（模拟），找到 4 个Smell
2026-03-22 16:39:58 - SonarQubeBaseline - INFO - SonarQube检测完成（模拟），找到 3 个Smell
2026-03-22 16:39:58 - SonarQubeBaseline - INFO - SonarQube检测完成（模拟），找到 4 个Smell
2026-03-22 16:39:58 - SonarQubeBaseline - INFO - SonarQube检测完成（模拟），找到 4 个Smell
2026-03-22 16:39:58 - SonarQubeBaseline - INFO - SonarQube检测完成（模拟），找到 3 个Smell
2026-03-22 16:39:58 - PMDBaseline - INFO - PMDBaseline初始化完成，加载了9个规则
2026-03-22 16:39:58 - PMDBaseline - INFO - PMD检测完成（模拟），找到 4 个Smell
2026-03-22 16:39:58 - PMDBaseline - INFO - PMD检测完成（模拟），找到 3 个Smell
2026-03-22 16:39:58 - PMDBaseline - INFO - PMD检测完成（模拟），找到 2 个Smell
2026-03-22 16:39:58 - PMDBaseline - INFO - PMD检测完成（模拟），找到 3 个Smell
2026-03-22 16:39:58 - PMDBaseline - INFO - PMD检测完成（模拟），找到 3 个Smell
2026-03-22 16:39:58 - PMDBaseline - INFO - PMD检测完成（模拟），找到 3 个Smell
2026-03-22 16:39:58 - PMDBaseline - INFO - PMD检测完成（模拟），找到 3 个Smell
2026-03-22 16:39:58 - PMDBaseline - INFO - PMD检测完成（模拟），找到 3 个Smell
2026-03-22 16:39:58 - PMDBaseline - INFO - PMD检测完成（模拟），找到 4 个Smell
2026-03-22 16:39:58 - PMDBaseline - INFO - PMD检测完成（模拟），找到 3 个Smell
2026-03-22 16:39:58 - PMDBaseline - INFO - PMD检测完成（模拟），找到 3 个Smell
2026-03-22 16:39:58 - PMDBaseline - INFO - PMD检测完成（模拟），找到 3 个Smell
2026-03-22 16:39:58 - PMDBaseline - INFO - PMD检测完成（模拟），找到 5 个Smell
2026-03-22 16:39:58 - PMDBaseline - INFO - PMD检测完成（模拟），找到 6 个Smell
2026-03-22 16:39:58 - PMDBaseline - INFO - PMD检测完成（模拟），找到 6 个Smell
2026-03-22 16:39:58 - PMDBaseline - INFO - PMD检测完成（模拟），找到 5 个Smell
2026-03-22 16:39:58 - PMDBaseline - INFO - PMD检测完成（模拟），找到 4 个Smell
2026-03-22 16:39:58 - PMDBaseline - INFO - PMD检测完成（模拟），找到 5 个Smell
2026-03-22 16:39:58 - PMDBaseline - INFO - PMD检测完成（模拟），找到 6 个Smell
2026-03-22 16:39:58 - PMDBaseline - INFO - PMD检测完成（模拟），找到 4 个Smell
2026-03-22 23:12:50 - KeywordBaseline - INFO - KeywordBaseline初始化完成，加载了5个检测模式
2026-03-22 23:12:50 - KeywordBaseline - INFO - 关键词检测完成，找到 2 个Smell
2026-03-22 23:12:50 - KeywordBaseline - INFO - 关键词检测完成，找到 1 个Smell
2026-03-22 23:12:50 - KeywordBaseline - INFO - 关键词检测完成，找到 1 个Smell
2026-03-22 23:12:50 - KeywordBaseline - INFO - 关键词检测完成，找到 2 个Smell
2026-03-22 23:12:50 - KeywordBaseline - INFO - 关键词检测完成，找到 1 个Smell
2026-03-22 23:12:50 - KeywordBaseline - INFO - 关键词检测完成，找到 5 个Smell
2026-03-22 23:12:50 - KeywordBaseline - INFO - 关键词检测完成，找到 2 个Smell
2026-03-22 23:12:50 - KeywordBaseline - INFO - 关键词检测完成，找到 2 个Smell
2026-03-22 23:12:50 - KeywordBaseline - INFO - 关键词检测完成，找到 2 个Smell
2026-03-22 23:12:50 - KeywordBaseline - INFO - 关键词检测完成，找到 2 个Smell
2026-03-22 23:12:50 - KeywordBaseline - INFO - 关键词检测完成，找到 2 个Smell
2026-03-22 23:12:50 - KeywordBaseline - INFO - 关键词检测完成，找到 2 个Smell
2026-03-22 23:12:52 - KeywordBaseline - INFO - 关键词检测完成，找到 1 个Smell
2026-03-22 23:12:52 - KeywordBaseline - INFO - 关键词检测完成，找到 1 个Smell
2026-03-22 23:12:52 - KeywordBaseline - INFO - 关键词检测完成，找到 2 个Smell
2026-03-22 23:12:52 - KeywordBaseline - INFO - 关键词检测完成，找到 1 个Smell
2026-03-22 23:12:52 - KeywordBaseline - INFO - 关键词检测完成，找到 2 个Smell
2026-03-22 23:12:52 - KeywordBaseline - INFO - 关键词检测完成，找到 2 个Smell
2026-03-22 23:12:52 - KeywordBaseline - INFO - 关键词检测完成，找到 2 个Smell
2026-03-22 23:12:52 - KeywordBaseline - INFO - 关键词检测完成，找到 2 个Smell
2026-03-22 23:12:52 - KeywordBaseline - INFO - 关键词检测完成，找到 2 个Smell
2026-03-22 23:12:52 - KeywordBaseline - INFO - 关键词检测完成，找到 1 个Smell
2026-03-22 23:12:52 - KeywordBaseline - INFO - 关键词检测完成，找到 1 个Smell
2026-03-22 23:12:52 - KeywordBaseline - INFO - 关键词检测完成，找到 2 个Smell
2026-03-22 23:12:52 - KeywordBaseline - INFO - 关键词检测完成，找到 1 个Smell
2026-03-22 23:12:52 - KeywordBaseline - INFO - 关键词检测完成，找到 5 个Smell
2026-03-22 23:12:52 - KeywordBaseline - INFO - 关键词检测完成，找到 2 个Smell
2026-03-22 23:12:52 - KeywordBaseline - INFO - 关键词检测完成，找到 2 个Smell
2026-03-22 23:12:52 - KeywordBaseline - INFO - 关键词检测完成，找到 2 个Smell
2026-03-22 23:12:52 - KeywordBaseline - INFO - 关键词检测完成，找到 2 个Smell
2026-03-22 23:12:52 - KeywordBaseline - INFO - 关键词检测完成，找到 2 个Smell
2026-03-22 23:12:52 - KeywordBaseline - INFO - 关键词检测完成，找到 2 个Smell
2026-03-22 23:12:54 - KeywordBaseline - INFO - 关键词检测完成，找到 1 个Smell
2026-03-22 23:12:54 - KeywordBaseline - INFO - 关键词检测完成，找到 1 个Smell
2026-03-22 23:12:54 - KeywordBaseline - INFO - 关键词检测完成，找到 2 个Smell
2026-03-22 23:12:54 - KeywordBaseline - INFO - 关键词检测完成，找到 1 个Smell
2026-03-22 23:12:54 - KeywordBaseline - INFO - 关键词检测完成，找到 1 个Smell
2026-03-22 23:12:54 - KeywordBaseline - INFO - 关键词检测完成，找到 2 个Smell
2026-03-22 23:12:54 - KeywordBaseline - INFO - 关键词检测完成，找到 1 个Smell
2026-03-22 23:12:54 - KeywordBaseline - INFO - 关键词检测完成，找到 2 个Smell
2026-03-22 23:12:54 - HeuristicBaseline - INFO - HeuristicBaseline初始化完成，加载了7个规则
2026-03-22 23:12:54 - HeuristicBaseline - INFO - 启发式检测完成，找到 2 个Smell
2026-03-22 23:12:54 - HeuristicBaseline - INFO - 启发式检测完成，找到 2 个Smell
2026-03-22 23:12:54 - HeuristicBaseline - INFO - 启发式检测完成，找到 1 个Smell
2026-03-22 23:12:54 - HeuristicBaseline - INFO - 启发式检测完成，找到 1 个Smell
2026-03-22 23:12:54 - HeuristicBaseline - INFO - 启发式检测完成，找到 1 个Smell
2026-03-22 23:12:54 - HeuristicBaseline - INFO - 启发式检测完成，找到 1 个Smell
2026-03-22 23:12:54 - HeuristicBaseline - INFO - 启发式检测完成，找到 1 个Smell
2026-03-22 23:12:54 - HeuristicBaseline - INFO - 启发式检测完成，找到 1 个Smell
2026-03-22 23:12:54 - HeuristicBaseline - INFO - 启发式检测完成，找到 1 个Smell
2026-03-22 23:12:54 - HeuristicBaseline - INFO - 启发式检测完成，找到 1 个Smell
2026-03-22 23:12:54 - HeuristicBaseline - INFO - 启发式检测完成，找到 4 个Smell
2026-03-22 23:12:54 - HeuristicBaseline - INFO - 启发式检测完成，找到 1 个Smell
2026-03-22 23:12:54 - HeuristicBaseline - INFO - 启发式检测完成，找到 2 个Smell
2026-03-22 23:12:54 - HeuristicBaseline - INFO - 启发式检测完成，找到 1 个Smell
2026-03-22 23:12:54 - HeuristicBaseline - INFO - 启发式检测完成，找到 1 个Smell
2026-03-22 23:12:54 - HeuristicBaseline - INFO - 启发式检测完成，找到 1 个Smell
2026-03-22 23:12:54 - HeuristicBaseline - INFO - 启发式检测完成，找到 1 个Smell
2026-03-22 23:12:54 - HeuristicBaseline - INFO - 启发式检测完成，找到 2 个Smell
2026-03-22 23:12:54 - HeuristicBaseline - INFO - 启发式检测完成，找到 2 个Smell
2026-03-22 23:12:54 - HeuristicBaseline - INFO - 启发式检测完成，找到 2 个Smell
2026-03-22 23:12:54 - HeuristicBaseline - INFO - 启发式检测完成，找到 2 个Smell
2026-03-22 23:12:54 - HeuristicBaseline - INFO - 启发式检测完成，找到 2 个Smell
2026-03-22 23:12:54 - HeuristicBaseline - INFO - 启发式检测完成，找到 1 个Smell
2026-03-22 23:12:54 - HeuristicBaseline - INFO - 启发式检测完成，找到 1 个Smell
2026-03-22 23:12:54 - HeuristicBaseline - INFO - 启发式检测完成，找到 1 个Smell
2026-03-22 23:12:54 - HeuristicBaseline - INFO - 启发式检测完成，找到 1 个Smell
2026-03-22 23:12:54 - HeuristicBaseline - INFO - 启发式检测完成，找到 1 个Smell
2026-03-22 23:12:54 - HeuristicBaseline - INFO - 启发式检测完成，找到 1 个Smell
2026-03-22 23:12:54 - HeuristicBaseline - INFO - 启发式检测完成，找到 1 个Smell
2026-03-22 23:12:54 - HeuristicBaseline - INFO - 启发式检测完成，找到 1 个Smell
2026-03-22 23:12:54 - HeuristicBaseline - INFO - 启发式检测完成，找到 4 个Smell
2026-03-22 23:12:54 - HeuristicBaseline - INFO - 启发式检测完成，找到 1 个Smell
2026-03-22 23:12:54 - HeuristicBaseline - INFO - 启发式检测完成，找到 2 个Smell
2026-03-22 23:12:54 - HeuristicBaseline - INFO - 启发式检测完成，找到 1 个Smell
2026-03-22 23:12:54 - HeuristicBaseline - INFO - 启发式检测完成，找到 1 个Smell
2026-03-22 23:12:54 - HeuristicBaseline - INFO - 启发式检测完成，找到 1 个Smell
2026-03-22 23:12:54 - HeuristicBaseline - INFO - 启发式检测完成，找到 1 个Smell
2026-03-22 23:12:54 - HeuristicBaseline - INFO - 启发式检测完成，找到 1 个Smell
2026-03-22 23:12:54 - HeuristicBaseline - INFO - 启发式检测完成，找到 1 个Smell
2026-03-22 23:12:54 - HeuristicBaseline - INFO - 启发式检测完成，找到 2 个Smell
2026-03-22 23:12:54 - SonarQubeBaseline - INFO - SonarQubeBaseline初始化完成，加载了5个规则
2026-03-22 23:12:54 - SonarQubeBaseline - INFO - SonarQube检测完成（模拟），找到 3 个Smell
2026-03-22 23:12:54 - SonarQubeBaseline - INFO - SonarQube检测完成（模拟），找到 2 个Smell
2026-03-22 23:12:54 - SonarQubeBaseline - INFO - SonarQube检测完成（模拟），找到 2 个Smell
2026-03-22 23:12:54 - SonarQubeBaseline - INFO - SonarQube检测完成（模拟），找到 2 个Smell
2026-03-22 23:12:54 - SonarQubeBaseline - INFO - SonarQube检测完成（模拟），找到 2 个Smell
2026-03-22 23:12:54 - SonarQubeBaseline - INFO - SonarQube检测完成（模拟），找到 2 个Smell
2026-03-22 23:12:54 - SonarQubeBaseline - INFO - SonarQube检测完成（模拟），找到 2 个Smell
2026-03-22 23:12:54 - SonarQubeBaseline - INFO - SonarQube检测完成（模拟），找到 3 个Smell
2026-03-22 23:12:54 - SonarQubeBaseline - INFO - SonarQube检测完成（模拟），找到 3 个Smell
2026-03-22 23:12:54 - SonarQubeBaseline - INFO - SonarQube检测完成（模拟），找到 2 个Smell
2026-03-22 23:12:54 - SonarQubeBaseline - INFO - SonarQube检测完成（模拟），找到 2 个Smell
2026-03-22 23:12:54 - SonarQubeBaseline - INFO - SonarQube检测完成（模拟），找到 3 个Smell
2026-03-22 23:12:54 - SonarQubeBaseline - INFO - SonarQube检测完成（模拟），找到 4 个Smell
2026-03-22 23:12:54 - SonarQubeBaseline - INFO - SonarQube检测完成（模拟），找到 4 个Smell
2026-03-22 23:12:54 - SonarQubeBaseline - INFO - SonarQube检测完成（模拟），找到 4 个Smell
2026-03-22 23:12:54 - SonarQubeBaseline - INFO - SonarQube检测完成（模拟），找到 4 个Smell
2026-03-22 23:12:54 - SonarQubeBaseline - INFO - SonarQube检测完成（模拟），找到 3 个Smell
2026-03-22 23:12:54 - SonarQubeBaseline - INFO - SonarQube检测完成（模拟），找到 4 个Smell
2026-03-22 23:12:54 - SonarQubeBaseline - INFO - SonarQube检测完成（模拟），找到 4 个Smell
2026-03-22 23:12:54 - SonarQubeBaseline - INFO - SonarQube检测完成（模拟），找到 3 个Smell
2026-03-22 23:12:54 - SonarQubeBaseline - INFO - SonarQube检测完成（模拟），找到 3 个Smell
2026-03-22 23:12:54 - SonarQubeBaseline - INFO - SonarQube检测完成（模拟），找到 2 个Smell
2026-03-22 23:12:54 - SonarQubeBaseline - INFO - SonarQube检测完成（模拟），找到 2 个Smell
2026-03-22 23:12:54 - SonarQubeBaseline - INFO - SonarQube检测完成（模拟），找到 2 个Smell
2026-03-22 23:12:54 - SonarQubeBaseline - INFO - SonarQube检测完成（模拟），找到 2 个Smell
2026-03-22 23:12:54 - SonarQubeBaseline - INFO - SonarQube检测完成（模拟），找到 2 个Smell
2026-03-22 23:12:54 - SonarQubeBaseline - INFO - SonarQube检测完成（模拟），找到 2 个Smell
2026-03-22 23:12:54 - SonarQubeBaseline - INFO - SonarQube检测完成（模拟），找到 3 个Smell
2026-03-22 23:12:54 - SonarQubeBaseline - INFO - SonarQube检测完成（模拟），找到 3 个Smell
2026-03-22 23:12:54 - SonarQubeBaseline - INFO - SonarQube检测完成（模拟），找到 2 个Smell
2026-03-22 23:12:54 - SonarQubeBaseline - INFO - SonarQube检测完成（模拟），找到 2 个Smell
2026-03-22 23:12:54 - SonarQubeBaseline - INFO - SonarQube检测完成（模拟），找到 2 个Smell
2026-03-22 23:12:54 - SonarQubeBaseline - INFO - SonarQube检测完成（模拟），找到 4 个Smell
2026-03-22 23:12:54 - SonarQubeBaseline - INFO - SonarQube检测完成（模拟），找到 4 个Smell
2026-03-22 23:12:54 - SonarQubeBaseline - INFO - SonarQube检测完成（模拟），找到 3 个Smell
2026-03-22 23:12:54 - SonarQubeBaseline - INFO - SonarQube检测完成（模拟），找到 4 个Smell
2026-03-22 23:12:54 - SonarQubeBaseline - INFO - SonarQube检测完成（模拟），找到 3 个Smell
2026-03-22 23:12:54 - SonarQubeBaseline - INFO - SonarQube检测完成（模拟），找到 3 个Smell
2026-03-22 23:12:54 - SonarQubeBaseline - INFO - SonarQube检测完成（模拟），找到 3 个Smell
2026-03-22 23:12:54 - SonarQubeBaseline - INFO - SonarQube检测完成（模拟），找到 3 个Smell
2026-03-22 23:12:54 - PMDBaseline - INFO - PMDBaseline初始化完成，加载了9个规则
2026-03-22 23:12:54 - PMDBaseline - INFO - PMD检测完成（模拟），找到 4 个Smell
2026-03-22 23:12:54 - PMDBaseline - INFO - PMD检测完成（模拟），找到 3 个Smell
2026-03-22 23:12:54 - PMDBaseline - INFO - PMD检测完成（模拟），找到 2 个Smell
2026-03-22 23:12:54 - PMDBaseline - INFO - PMD检测完成（模拟），找到 3 个Smell
2026-03-22 23:12:54 - PMDBaseline - INFO - PMD检测完成（模拟），找到 3 个Smell
2026-03-22 23:12:54 - PMDBaseline - INFO - PMD检测完成（模拟），找到 3 个Smell
2026-03-22 23:12:54 - PMDBaseline - INFO - PMD检测完成（模拟），找到 3 个Smell
2026-03-22 23:12:54 - PMDBaseline - INFO - PMD检测完成（模拟），找到 3 个Smell
2026-03-22 23:12:54 - PMDBaseline - INFO - PMD检测完成（模拟），找到 4 个Smell
2026-03-22 23:12:54 - PMDBaseline - INFO - PMD检测完成（模拟），找到 3 个Smell
2026-03-22 23:12:54 - PMDBaseline - INFO - PMD检测完成（模拟），找到 3 个Smell
2026-03-22 23:12:54 - PMDBaseline - INFO - PMD检测完成（模拟），找到 3 个Smell
2026-03-22 23:12:54 - PMDBaseline - INFO - PMD检测完成（模拟），找到 5 个Smell
2026-03-22 23:12:54 - PMDBaseline - INFO - PMD检测完成（模拟），找到 6 个Smell
2026-03-22 23:12:54 - PMDBaseline - INFO - PMD检测完成（模拟），找到 6 个Smell
2026-03-22 23:12:54 - PMDBaseline - INFO - PMD检测完成（模拟），找到 5 个Smell
2026-03-22 23:12:54 - PMDBaseline - INFO - PMD检测完成（模拟），找到 4 个Smell
2026-03-22 23:12:54 - PMDBaseline - INFO - PMD检测完成（模拟），找到 5 个Smell
2026-03-22 23:12:54 - PMDBaseline - INFO - PMD检测完成（模拟），找到 6 个Smell
2026-03-22 23:12:54 - PMDBaseline - INFO - PMD检测完成（模拟），找到 4 个Smell
2026-03-22 23:12:54 - PMDBaseline - INFO - PMD检测完成（模拟），找到 4 个Smell
2026-03-22 23:12:54 - PMDBaseline - INFO - PMD检测完成（模拟），找到 3 个Smell
2026-03-22 23:12:54 - PMDBaseline - INFO - PMD检测完成（模拟），找到 2 个Smell
2026-03-22 23:12:54 - PMDBaseline - INFO - PMD检测完成（模拟），找到 3 个Smell
2026-03-22 23:12:54 - PMDBaseline - INFO - PMD检测完成（模拟），找到 3 个Smell
2026-03-22 23:12:54 - PMDBaseline - INFO - PMD检测完成（模拟），找到 3 个Smell
2026-03-22 23:12:54 - PMDBaseline - INFO - PMD检测完成（模拟），找到 3 个Smell
2026-03-22 23:12:54 - PMDBaseline - INFO - PMD检测完成（模拟），找到 3 个Smell
2026-03-22 23:12:54 - PMDBaseline - INFO - PMD检测完成（模拟），找到 4 个Smell
2026-03-22 23:12:54 - PMDBaseline - INFO - PMD检测完成（模拟），找到 3 个Smell
2026-03-22 23:12:54 - PMDBaseline - INFO - PMD检测完成（模拟），找到 3 个Smell
2026-03-22 23:12:54 - PMDBaseline - INFO - PMD检测完成（模拟），找到 3 个Smell
2026-03-22 23:12:54 - PMDBaseline - INFO - PMD检测完成（模拟），找到 5 个Smell
2026-03-22 23:12:54 - PMDBaseline - INFO - PMD检测完成（模拟），找到 6 个Smell
2026-03-22 23:12:54 - PMDBaseline - INFO - PMD检测完成（模拟），找到 4 个Smell
2026-03-22 23:12:54 - PMDBaseline - INFO - PMD检测完成（模拟），找到 5 个Smell
2026-03-22 23:12:54 - PMDBaseline - INFO - PMD检测完成（模拟），找到 3 个Smell
2026-03-22 23:12:54 - PMDBaseline - INFO - PMD检测完成（模拟），找到 4 个Smell
2026-03-22 23:12:54 - PMDBaseline - INFO - PMD检测完成（模拟），找到 4 个Smell
2026-03-22 23:12:54 - PMDBaseline - INFO - PMD检测完成（模拟），找到 4 个Smell
